
----------------------------------------
GENERATING INITIAL MEMORY STATE CHECKPOINT
----------------------------------------

modelSize:  63684
rawSize:  [0 0 248 196]
writing /tmp/cannon/golden.json len 6415494 with root 0xedf87c02d1418e0e60fa78d1de2fb0ef39c569b36b3fda5df4de9b60e6579c94
Writing golden snapshot and exiting early without execution

----------------------------------------
DEPLOYING CONTRACTS
----------------------------------------

goldenRoot is 0xedf87c02d1418e0e60fa78d1de2fb0ef39c569b36b3fda5df4de9b60e6579c94
deployed {
  Challenge: '0x96F3Ce39Ad2BfDCf92C0F6E2C2CAbF83874660Fc',
  MIPS: '0x40a42Baf86Fc821f972Ad2aC878729063CeEF403',
  MIPSMemory: '0xb52D710D056a78fDB59d18B70eab31F632C45dCD'
}

----------------------------------------
COMPUTING FAKE MIPS FINAL MEMORY CHECKPOINT
----------------------------------------

modelSize:  63684
rawSize:  [0 0 248 196]
Start MIPS MNIST
start MIPS_InputProcess
buf len:  784
____________________________
____________________________
____________________________
____________________________
____________________________
____________________________
____________________________
____________________________
_______*****________________
____________*_****_**_______
___________________**_______
___________________*________
__________________**________
__________________**________
_________________**_________
_________________*__________
_________________*__________
________________*___________
_______________**___________
_______________*____________
______________*_____________
_____________**_____________
_____________*______________
____________**______________
___________***______________
___________**_______________
___________*________________
____________________________

start MIPS_mnist_model_load
model_bytes len:  63684
magic: 67676d6c
reading fc1
n_dims:  2
ne_weight:  [784 20]
index:  62736
reading fc2


=== [ model.fc2_bias | FP32 | 10:1:1 ] ===

 0 x 10 ...	-0.310	0.268	-0.081	-0.294	-0.047	0.673	-0.078	0.119	-0.199	-0.047	
current index:  63684
start MIPS_mnist_eval
regfault at step 6262303


=== [ final tensor | FP32 | 10:1:1 ] ===

 0 x 10 ...	0.000	0.000	0.000	0.000	0.000	0.000	0.000	1.000	0.000	0.000	
Predicted digit is  7
reach the final state, total step: 12524611, target: -1
writing /tmp/cannon_fault/checkpoint_12524611.json len 7019312 with root 0x52226417f9e64ffe5a19893d8721d704e0f99e8651e84059f651c26709cda41f
lastStep:  12524611
writing /tmp/cannon_fault/checkpoint_final.json len 7019312 with root 0x52226417f9e64ffe5a19893d8721d704e0f99e8651e84059f651c26709cda41f
PC: 5ead0000

----------------------------------------
STARTING CHALLENGE
----------------------------------------

0x96F3Ce39Ad2BfDCf92C0F6E2C2CAbF83874660Fc 0x40a42Baf86Fc821f972Ad2aC878729063CeEF403 0xb52D710D056a78fDB59d18B70eab31F632C45dCD
basedir:  /tmp/cannon_fault
requested node 52226417f9e64ffe5a19893d8721d704e0f99e8651e84059f651c26709cda41f
requested node 0cb33735f7ae2e24b34e0267ae8ce1bcea9aa350f9cb686cbf35ffff2fcf14e1
requested node 9bb51ad8a54c6bad5c6b92b11b8a1b3db6a7d91f8c26a84213e3822e086a531a
requested node 3da91779b428565a1c6157e87bde41b635323378d1fb3b339d3f64b4d348d5b8
requested node f00dde62ba26b9d32bba67f507be19830db86252a9504bc895a4561e38d2cc9c
requested node b2f0f022eede30dc2b0aafca45a947f0148fd2b7eb11e37cdaf7973053e92471
requested node ea1731a24032d2823ffd2436db589f7a8b5413bd0cdc5d4995e7fce5f5b9f290
cdat:  0x85ec30c052226417f9e64ffe5a19893d8721d704e0f99e8651e84059f651c26709cda41f0000000000000000000000000000000000000000000000000000000000bf1c43
new challenge with id 0

----------------------------------------
BINARY SEARCH
----------------------------------------


--- STEP 1 / 25 ---

challengeId:  0
isChallenger:  true
searching step 6262305
isProposing true
running program:  ./mlgo/examples/mnist_mips/mlgo.bin
modelSize:  63684
rawSize:  [0 0 248 196]
Start MIPS MNIST
start MIPS_InputProcess
buf len:  784
____________________________
____________________________
____________________________
____________________________
____________________________
____________________________
____________________________
____________________________
_______*****________________
____________*_****_**_______
___________________**_______
___________________*________
__________________**________
__________________**________
_________________**_________
_________________*__________
_________________*__________
________________*___________
_______________**___________
_______________*____________
______________*_____________
_____________**_____________
_____________*______________
____________**______________
___________***______________
___________**_______________
___________*________________
____________________________

start MIPS_mnist_model_load
model_bytes len:  63684
magic: 67676d6c
reading fc1
n_dims:  2
ne_weight:  [784 20]
index:  62736
reading fc2


=== [ model.fc2_bias | FP32 | 10:1:1 ] ===

 0 x 10 ...	-0.310	0.268	-0.081	-0.294	-0.047	0.673	-0.078	0.119	-0.199	-0.047	
current index:  63684
start MIPS_mnist_eval
regfault at step 6262303
writing /tmp/cannon_fault/checkpoint_6262305.json len 7011379 with root 0x1034199d1c8ae37b6dc3fddf8a391ddab8a46f99519d6b0b37fa17915a6c1e52
new root 0x1034199d1c8ae37b6dc3fddf8a391ddab8a46f99519d6b0b37fa17915a6c1e52
done 166
challengeId:  0
isChallenger:  false
searching step 6262305
isProposing false
running program:  ./mlgo/examples/mnist_mips/mlgo.bin
modelSize:  63684
rawSize:  [0 0 248 196]
Start MIPS MNIST
start MIPS_InputProcess
buf len:  784
____________________________
____________________________
____________________________
____________________________
____________________________
____________________________
____________________________
____________________________
_______*****________________
____________*_****_**_______
___________________**_______
___________________*________
__________________**________
__________________**________
_________________**_________
_________________*__________
_________________*__________
________________*___________
_______________**___________
_______________*____________
______________*_____________
_____________**_____________
_____________*______________
____________**______________
___________***______________
___________**_______________
___________*________________
____________________________

start MIPS_mnist_model_load
model_bytes len:  63684
magic: 67676d6c
reading fc1
n_dims:  2
ne_weight:  [784 20]
index:  62736
reading fc2


=== [ model.fc2_bias | FP32 | 10:1:1 ] ===

 0 x 10 ...	-0.310	0.268	-0.081	-0.294	-0.047	0.673	-0.078	0.119	-0.199	-0.047	
current index:  63684
start MIPS_mnist_eval
writing /tmp/cannon/checkpoint_6262305.json len 7011379 with root 0x558e58c99ee8a38a5456f030617011ef51a9d7685d337293ea634168a5b0e21d
new root 0x558e58c99ee8a38a5456f030617011ef51a9d7685d337293ea634168a5b0e21d
done 167

--- STEP 2 / 25 ---

challengeId:  0
isChallenger:  true
searching step 3131152
isProposing true
running program:  ./mlgo/examples/mnist_mips/mlgo.bin
modelSize:  63684
rawSize:  [0 0 248 196]
Start MIPS MNIST
start MIPS_InputProcess
buf len:  784
____________________________
____________________________
____________________________
____________________________
____________________________
____________________________
____________________________
____________________________
_______*****________________
____________*_****_**_______
___________________**_______
___________________*________
__________________**________
__________________**________
_________________**_________
_________________*__________
_________________*__________
________________*___________
_______________**___________
_______________*____________
______________*_____________
_____________**_____________
_____________*______________
____________**______________
___________***______________
___________**_______________
___________*________________
____________________________

start MIPS_mnist_model_load
model_bytes len:  63684
magic: 67676d6c
reading fc1
n_dims:  2
ne_weight:  [784 20]
index:  62736
reading fc2


=== [ model.fc2_bias | FP32 | 10:1:1 ] ===

 0 x 10 ...	-0.310	0.268	-0.081	-0.294	-0.047	0.673	-0.078	0.119	-0.199	-0.047	
current index:  63684
start MIPS_mnist_eval
writing /tmp/cannon_fault/checkpoint_3131152.json len 7011211 with root 0x9319256ae58b59ceb03b61cb6ef101eeac0f02e2eab77d4e713c37e86c8678ad
new root 0x9319256ae58b59ceb03b61cb6ef101eeac0f02e2eab77d4e713c37e86c8678ad
done 168
challengeId:  0
isChallenger:  false
searching step 3131152
isProposing false
running program:  ./mlgo/examples/mnist_mips/mlgo.bin
modelSize:  63684
rawSize:  [0 0 248 196]
Start MIPS MNIST
start MIPS_InputProcess
buf len:  784
____________________________
____________________________
____________________________
____________________________
____________________________
____________________________
____________________________
____________________________
_______*****________________
____________*_****_**_______
___________________**_______
___________________*________
__________________**________
__________________**________
_________________**_________
_________________*__________
_________________*__________
________________*___________
_______________**___________
_______________*____________
______________*_____________
_____________**_____________
_____________*______________
____________**______________
___________***______________
___________**_______________
___________*________________
____________________________

start MIPS_mnist_model_load
model_bytes len:  63684
magic: 67676d6c
reading fc1
n_dims:  2
ne_weight:  [784 20]
index:  62736
reading fc2


=== [ model.fc2_bias | FP32 | 10:1:1 ] ===

 0 x 10 ...	-0.310	0.268	-0.081	-0.294	-0.047	0.673	-0.078	0.119	-0.199	-0.047	
current index:  63684
start MIPS_mnist_eval
writing /tmp/cannon/checkpoint_3131152.json len 7011211 with root 0x9319256ae58b59ceb03b61cb6ef101eeac0f02e2eab77d4e713c37e86c8678ad
new root 0x9319256ae58b59ceb03b61cb6ef101eeac0f02e2eab77d4e713c37e86c8678ad
done 169

--- STEP 3 / 25 ---

challengeId:  0
isChallenger:  true
searching step 4696728
isProposing true
running program:  ./mlgo/examples/mnist_mips/mlgo.bin
modelSize:  63684
rawSize:  [0 0 248 196]
Start MIPS MNIST
start MIPS_InputProcess
buf len:  784
____________________________
____________________________
____________________________
____________________________
____________________________
____________________________
____________________________
____________________________
_______*****________________
____________*_****_**_______
___________________**_______
___________________*________
__________________**________
__________________**________
_________________**_________
_________________*__________
_________________*__________
________________*___________
_______________**___________
_______________*____________
______________*_____________
_____________**_____________
_____________*______________
____________**______________
___________***______________
___________**_______________
___________*________________
____________________________

start MIPS_mnist_model_load
model_bytes len:  63684
magic: 67676d6c
reading fc1
n_dims:  2
ne_weight:  [784 20]
index:  62736
reading fc2


=== [ model.fc2_bias | FP32 | 10:1:1 ] ===

 0 x 10 ...	-0.310	0.268	-0.081	-0.294	-0.047	0.673	-0.078	0.119	-0.199	-0.047	
current index:  63684
start MIPS_mnist_eval
writing /tmp/cannon_fault/checkpoint_4696728.json len 7011351 with root 0xc0ca0b40a28754c01da57d088931d1eb49b279e72f25fb3da017840537e0a102
new root 0xc0ca0b40a28754c01da57d088931d1eb49b279e72f25fb3da017840537e0a102
done 170
challengeId:  0
isChallenger:  false
searching step 4696728
isProposing false
running program:  ./mlgo/examples/mnist_mips/mlgo.bin
modelSize:  63684
rawSize:  [0 0 248 196]
Start MIPS MNIST
start MIPS_InputProcess
buf len:  784
____________________________
____________________________
____________________________
____________________________
____________________________
____________________________
____________________________
____________________________
_______*****________________
____________*_****_**_______
___________________**_______
___________________*________
__________________**________
__________________**________
_________________**_________
_________________*__________
_________________*__________
________________*___________
_______________**___________
_______________*____________
______________*_____________
_____________**_____________
_____________*______________
____________**______________
___________***______________
___________**_______________
___________*________________
____________________________

start MIPS_mnist_model_load
model_bytes len:  63684
magic: 67676d6c
reading fc1
n_dims:  2
ne_weight:  [784 20]
index:  62736
reading fc2


=== [ model.fc2_bias | FP32 | 10:1:1 ] ===

 0 x 10 ...	-0.310	0.268	-0.081	-0.294	-0.047	0.673	-0.078	0.119	-0.199	-0.047	
current index:  63684
start MIPS_mnist_eval
writing /tmp/cannon/checkpoint_4696728.json len 7011351 with root 0xc0ca0b40a28754c01da57d088931d1eb49b279e72f25fb3da017840537e0a102
new root 0xc0ca0b40a28754c01da57d088931d1eb49b279e72f25fb3da017840537e0a102
done 171

--- STEP 4 / 25 ---

challengeId:  0
isChallenger:  true
searching step 5479516
isProposing true
running program:  ./mlgo/examples/mnist_mips/mlgo.bin
modelSize:  63684
rawSize:  [0 0 248 196]
Start MIPS MNIST
start MIPS_InputProcess
buf len:  784
____________________________
____________________________
____________________________
____________________________
____________________________
____________________________
____________________________
____________________________
_______*****________________
____________*_****_**_______
___________________**_______
___________________*________
__________________**________
__________________**________
_________________**_________
_________________*__________
_________________*__________
________________*___________
_______________**___________
_______________*____________
______________*_____________
_____________**_____________
_____________*______________
____________**______________
___________***______________
___________**_______________
___________*________________
____________________________

start MIPS_mnist_model_load
model_bytes len:  63684
magic: 67676d6c
reading fc1
n_dims:  2
ne_weight:  [784 20]
index:  62736
reading fc2


=== [ model.fc2_bias | FP32 | 10:1:1 ] ===

 0 x 10 ...	-0.310	0.268	-0.081	-0.294	-0.047	0.673	-0.078	0.119	-0.199	-0.047	
current index:  63684
start MIPS_mnist_eval
writing /tmp/cannon_fault/checkpoint_5479516.json len 7011371 with root 0xf576d13e87366405cb2f09c6d1881d34207abadeb94c97903f12ea76458b1962
new root 0xf576d13e87366405cb2f09c6d1881d34207abadeb94c97903f12ea76458b1962
done 172
challengeId:  0
isChallenger:  false
searching step 5479516
isProposing false
running program:  ./mlgo/examples/mnist_mips/mlgo.bin
modelSize:  63684
rawSize:  [0 0 248 196]
Start MIPS MNIST
start MIPS_InputProcess
buf len:  784
____________________________
____________________________
____________________________
____________________________
____________________________
____________________________
____________________________
____________________________
_______*****________________
____________*_****_**_______
___________________**_______
___________________*________
__________________**________
__________________**________
_________________**_________
_________________*__________
_________________*__________
________________*___________
_______________**___________
_______________*____________
______________*_____________
_____________**_____________
_____________*______________
____________**______________
___________***______________
___________**_______________
___________*________________
____________________________

start MIPS_mnist_model_load
model_bytes len:  63684
magic: 67676d6c
reading fc1
n_dims:  2
ne_weight:  [784 20]
index:  62736
reading fc2


=== [ model.fc2_bias | FP32 | 10:1:1 ] ===

 0 x 10 ...	-0.310	0.268	-0.081	-0.294	-0.047	0.673	-0.078	0.119	-0.199	-0.047	
current index:  63684
start MIPS_mnist_eval
writing /tmp/cannon/checkpoint_5479516.json len 7011371 with root 0xf576d13e87366405cb2f09c6d1881d34207abadeb94c97903f12ea76458b1962
new root 0xf576d13e87366405cb2f09c6d1881d34207abadeb94c97903f12ea76458b1962
done 173

--- STEP 5 / 25 ---

challengeId:  0
isChallenger:  true
searching step 5870910
isProposing true
running program:  ./mlgo/examples/mnist_mips/mlgo.bin
modelSize:  63684
rawSize:  [0 0 248 196]
Start MIPS MNIST
start MIPS_InputProcess
buf len:  784
____________________________
____________________________
____________________________
____________________________
____________________________
____________________________
____________________________
____________________________
_______*****________________
____________*_****_**_______
___________________**_______
___________________*________
__________________**________
__________________**________
_________________**_________
_________________*__________
_________________*__________
________________*___________
_______________**___________
_______________*____________
______________*_____________
_____________**_____________
_____________*______________
____________**______________
___________***______________
___________**_______________
___________*________________
____________________________

start MIPS_mnist_model_load
model_bytes len:  63684
magic: 67676d6c
reading fc1
n_dims:  2
ne_weight:  [784 20]
index:  62736
reading fc2


=== [ model.fc2_bias | FP32 | 10:1:1 ] ===

 0 x 10 ...	-0.310	0.268	-0.081	-0.294	-0.047	0.673	-0.078	0.119	-0.199	-0.047	
current index:  63684
start MIPS_mnist_eval
writing /tmp/cannon_fault/checkpoint_5870910.json len 7011379 with root 0x58e6f2e3b9157d2ca3b5f73a2b4a9a8471f16d4123544523a26c5b2dcaf5bef1
new root 0x58e6f2e3b9157d2ca3b5f73a2b4a9a8471f16d4123544523a26c5b2dcaf5bef1
done 174
challengeId:  0
isChallenger:  false
searching step 5870910
isProposing false
running program:  ./mlgo/examples/mnist_mips/mlgo.bin
modelSize:  63684
rawSize:  [0 0 248 196]
Start MIPS MNIST
start MIPS_InputProcess
buf len:  784
____________________________
____________________________
____________________________
____________________________
____________________________
____________________________
____________________________
____________________________
_______*****________________
____________*_****_**_______
___________________**_______
___________________*________
__________________**________
__________________**________
_________________**_________
_________________*__________
_________________*__________
________________*___________
_______________**___________
_______________*____________
______________*_____________
_____________**_____________
_____________*______________
____________**______________
___________***______________
___________**_______________
___________*________________
____________________________

start MIPS_mnist_model_load
model_bytes len:  63684
magic: 67676d6c
reading fc1
n_dims:  2
ne_weight:  [784 20]
index:  62736
reading fc2


=== [ model.fc2_bias | FP32 | 10:1:1 ] ===

 0 x 10 ...	-0.310	0.268	-0.081	-0.294	-0.047	0.673	-0.078	0.119	-0.199	-0.047	
current index:  63684
start MIPS_mnist_eval
writing /tmp/cannon/checkpoint_5870910.json len 7011379 with root 0x58e6f2e3b9157d2ca3b5f73a2b4a9a8471f16d4123544523a26c5b2dcaf5bef1
new root 0x58e6f2e3b9157d2ca3b5f73a2b4a9a8471f16d4123544523a26c5b2dcaf5bef1
done 175

--- STEP 6 / 25 ---

challengeId:  0
isChallenger:  true
searching step 6066607
isProposing true
running program:  ./mlgo/examples/mnist_mips/mlgo.bin
modelSize:  63684
rawSize:  [0 0 248 196]
Start MIPS MNIST
start MIPS_InputProcess
buf len:  784
____________________________
____________________________
____________________________
____________________________
____________________________
____________________________
____________________________
____________________________
_______*****________________
____________*_****_**_______
___________________**_______
___________________*________
__________________**________
__________________**________
_________________**_________
_________________*__________
_________________*__________
________________*___________
_______________**___________
_______________*____________
______________*_____________
_____________**_____________
_____________*______________
____________**______________
___________***______________
___________**_______________
___________*________________
____________________________

start MIPS_mnist_model_load
model_bytes len:  63684
magic: 67676d6c
reading fc1
n_dims:  2
ne_weight:  [784 20]
index:  62736
reading fc2


=== [ model.fc2_bias | FP32 | 10:1:1 ] ===

 0 x 10 ...	-0.310	0.268	-0.081	-0.294	-0.047	0.673	-0.078	0.119	-0.199	-0.047	
current index:  63684
start MIPS_mnist_eval
writing /tmp/cannon_fault/checkpoint_6066607.json len 7011379 with root 0xb89e5ca7926cacfa14adf258028ceb11c6b8e58d33bec85b9500147dbfb8ae19
new root 0xb89e5ca7926cacfa14adf258028ceb11c6b8e58d33bec85b9500147dbfb8ae19
done 176
challengeId:  0
isChallenger:  false
searching step 6066607
isProposing false
running program:  ./mlgo/examples/mnist_mips/mlgo.bin
modelSize:  63684
rawSize:  [0 0 248 196]
Start MIPS MNIST
start MIPS_InputProcess
buf len:  784
____________________________
____________________________
____________________________
____________________________
____________________________
____________________________
____________________________
____________________________
_______*****________________
____________*_****_**_______
___________________**_______
___________________*________
__________________**________
__________________**________
_________________**_________
_________________*__________
_________________*__________
________________*___________
_______________**___________
_______________*____________
______________*_____________
_____________**_____________
_____________*______________
____________**______________
___________***______________
___________**_______________
___________*________________
____________________________

start MIPS_mnist_model_load
model_bytes len:  63684
magic: 67676d6c
reading fc1
n_dims:  2
ne_weight:  [784 20]
index:  62736
reading fc2


=== [ model.fc2_bias | FP32 | 10:1:1 ] ===

 0 x 10 ...	-0.310	0.268	-0.081	-0.294	-0.047	0.673	-0.078	0.119	-0.199	-0.047	
current index:  63684
start MIPS_mnist_eval
writing /tmp/cannon/checkpoint_6066607.json len 7011379 with root 0xb89e5ca7926cacfa14adf258028ceb11c6b8e58d33bec85b9500147dbfb8ae19
new root 0xb89e5ca7926cacfa14adf258028ceb11c6b8e58d33bec85b9500147dbfb8ae19
done 177

--- STEP 7 / 25 ---

challengeId:  0
isChallenger:  true
searching step 6164456
isProposing true
running program:  ./mlgo/examples/mnist_mips/mlgo.bin
modelSize:  63684
rawSize:  [0 0 248 196]
Start MIPS MNIST
start MIPS_InputProcess
buf len:  784
____________________________
____________________________
____________________________
____________________________
____________________________
____________________________
____________________________
____________________________
_______*****________________
____________*_****_**_______
___________________**_______
___________________*________
__________________**________
__________________**________
_________________**_________
_________________*__________
_________________*__________
________________*___________
_______________**___________
_______________*____________
______________*_____________
_____________**_____________
_____________*______________
____________**______________
___________***______________
___________**_______________
___________*________________
____________________________

start MIPS_mnist_model_load
model_bytes len:  63684
magic: 67676d6c
reading fc1
n_dims:  2
ne_weight:  [784 20]
index:  62736
reading fc2


=== [ model.fc2_bias | FP32 | 10:1:1 ] ===

 0 x 10 ...	-0.310	0.268	-0.081	-0.294	-0.047	0.673	-0.078	0.119	-0.199	-0.047	
current index:  63684
start MIPS_mnist_eval
writing /tmp/cannon_fault/checkpoint_6164456.json len 7011379 with root 0xe0e3d886e11e6b5ee612fd3154017656629830cd41184a1081712760e125d521
new root 0xe0e3d886e11e6b5ee612fd3154017656629830cd41184a1081712760e125d521
done 178
challengeId:  0
isChallenger:  false
searching step 6164456
isProposing false
running program:  ./mlgo/examples/mnist_mips/mlgo.bin
modelSize:  63684
rawSize:  [0 0 248 196]
Start MIPS MNIST
start MIPS_InputProcess
buf len:  784
____________________________
____________________________
____________________________
____________________________
____________________________
____________________________
____________________________
____________________________
_______*****________________
____________*_****_**_______
___________________**_______
___________________*________
__________________**________
__________________**________
_________________**_________
_________________*__________
_________________*__________
________________*___________
_______________**___________
_______________*____________
______________*_____________
_____________**_____________
_____________*______________
____________**______________
___________***______________
___________**_______________
___________*________________
____________________________

start MIPS_mnist_model_load
model_bytes len:  63684
magic: 67676d6c
reading fc1
n_dims:  2
ne_weight:  [784 20]
index:  62736
reading fc2


=== [ model.fc2_bias | FP32 | 10:1:1 ] ===

 0 x 10 ...	-0.310	0.268	-0.081	-0.294	-0.047	0.673	-0.078	0.119	-0.199	-0.047	
current index:  63684
start MIPS_mnist_eval
writing /tmp/cannon/checkpoint_6164456.json len 7011379 with root 0xe0e3d886e11e6b5ee612fd3154017656629830cd41184a1081712760e125d521
new root 0xe0e3d886e11e6b5ee612fd3154017656629830cd41184a1081712760e125d521
done 179

--- STEP 8 / 25 ---

challengeId:  0
isChallenger:  true
searching step 6213380
isProposing true
running program:  ./mlgo/examples/mnist_mips/mlgo.bin
modelSize:  63684
rawSize:  [0 0 248 196]
Start MIPS MNIST
start MIPS_InputProcess
buf len:  784
____________________________
____________________________
____________________________
____________________________
____________________________
____________________________
____________________________
____________________________
_______*****________________
____________*_****_**_______
___________________**_______
___________________*________
__________________**________
__________________**________
_________________**_________
_________________*__________
_________________*__________
________________*___________
_______________**___________
_______________*____________
______________*_____________
_____________**_____________
_____________*______________
____________**______________
___________***______________
___________**_______________
___________*________________
____________________________

start MIPS_mnist_model_load
model_bytes len:  63684
magic: 67676d6c
reading fc1
n_dims:  2
ne_weight:  [784 20]
index:  62736
reading fc2


=== [ model.fc2_bias | FP32 | 10:1:1 ] ===

 0 x 10 ...	-0.310	0.268	-0.081	-0.294	-0.047	0.673	-0.078	0.119	-0.199	-0.047	
current index:  63684
start MIPS_mnist_eval
writing /tmp/cannon_fault/checkpoint_6213380.json len 7011379 with root 0x22ed00fa927f5c534bf205a78e24e23343a65c32396a9a64b867a66f2a18bd3d
new root 0x22ed00fa927f5c534bf205a78e24e23343a65c32396a9a64b867a66f2a18bd3d
done 180
challengeId:  0
isChallenger:  false
searching step 6213380
isProposing false
running program:  ./mlgo/examples/mnist_mips/mlgo.bin
modelSize:  63684
rawSize:  [0 0 248 196]
Start MIPS MNIST
start MIPS_InputProcess
buf len:  784
____________________________
____________________________
____________________________
____________________________
____________________________
____________________________
____________________________
____________________________
_______*****________________
____________*_****_**_______
___________________**_______
___________________*________
__________________**________
__________________**________
_________________**_________
_________________*__________
_________________*__________
________________*___________
_______________**___________
_______________*____________
______________*_____________
_____________**_____________
_____________*______________
____________**______________
___________***______________
___________**_______________
___________*________________
____________________________

start MIPS_mnist_model_load
model_bytes len:  63684
magic: 67676d6c
reading fc1
n_dims:  2
ne_weight:  [784 20]
index:  62736
reading fc2


=== [ model.fc2_bias | FP32 | 10:1:1 ] ===

 0 x 10 ...	-0.310	0.268	-0.081	-0.294	-0.047	0.673	-0.078	0.119	-0.199	-0.047	
current index:  63684
start MIPS_mnist_eval
writing /tmp/cannon/checkpoint_6213380.json len 7011379 with root 0x22ed00fa927f5c534bf205a78e24e23343a65c32396a9a64b867a66f2a18bd3d
new root 0x22ed00fa927f5c534bf205a78e24e23343a65c32396a9a64b867a66f2a18bd3d
done 181

--- STEP 9 / 25 ---

challengeId:  0
isChallenger:  true
searching step 6237842
isProposing true
running program:  ./mlgo/examples/mnist_mips/mlgo.bin
modelSize:  63684
rawSize:  [0 0 248 196]
Start MIPS MNIST
start MIPS_InputProcess
buf len:  784
____________________________
____________________________
____________________________
____________________________
____________________________
____________________________
____________________________
____________________________
_______*****________________
____________*_****_**_______
___________________**_______
___________________*________
__________________**________
__________________**________
_________________**_________
_________________*__________
_________________*__________
________________*___________
_______________**___________
_______________*____________
______________*_____________
_____________**_____________
_____________*______________
____________**______________
___________***______________
___________**_______________
___________*________________
____________________________

start MIPS_mnist_model_load
model_bytes len:  63684
magic: 67676d6c
reading fc1
n_dims:  2
ne_weight:  [784 20]
index:  62736
reading fc2


=== [ model.fc2_bias | FP32 | 10:1:1 ] ===

 0 x 10 ...	-0.310	0.268	-0.081	-0.294	-0.047	0.673	-0.078	0.119	-0.199	-0.047	
current index:  63684
start MIPS_mnist_eval
writing /tmp/cannon_fault/checkpoint_6237842.json len 7011379 with root 0x9527e9bf4636c00b1be587026b11eec1d8eb5bd496ba591f14102e3b1eede2ee
new root 0x9527e9bf4636c00b1be587026b11eec1d8eb5bd496ba591f14102e3b1eede2ee
done 182
challengeId:  0
isChallenger:  false
searching step 6237842
isProposing false
running program:  ./mlgo/examples/mnist_mips/mlgo.bin
modelSize:  63684
rawSize:  [0 0 248 196]
Start MIPS MNIST
start MIPS_InputProcess
buf len:  784
____________________________
____________________________
____________________________
____________________________
____________________________
____________________________
____________________________
____________________________
_______*****________________
____________*_****_**_______
___________________**_______
___________________*________
__________________**________
__________________**________
_________________**_________
_________________*__________
_________________*__________
________________*___________
_______________**___________
_______________*____________
______________*_____________
_____________**_____________
_____________*______________
____________**______________
___________***______________
___________**_______________
___________*________________
____________________________

start MIPS_mnist_model_load
model_bytes len:  63684
magic: 67676d6c
reading fc1
n_dims:  2
ne_weight:  [784 20]
index:  62736
reading fc2


=== [ model.fc2_bias | FP32 | 10:1:1 ] ===

 0 x 10 ...	-0.310	0.268	-0.081	-0.294	-0.047	0.673	-0.078	0.119	-0.199	-0.047	
current index:  63684
start MIPS_mnist_eval
writing /tmp/cannon/checkpoint_6237842.json len 7011379 with root 0x9527e9bf4636c00b1be587026b11eec1d8eb5bd496ba591f14102e3b1eede2ee
new root 0x9527e9bf4636c00b1be587026b11eec1d8eb5bd496ba591f14102e3b1eede2ee
done 183

--- STEP 10 / 25 ---

challengeId:  0
isChallenger:  true
searching step 6250073
isProposing true
running program:  ./mlgo/examples/mnist_mips/mlgo.bin
modelSize:  63684
rawSize:  [0 0 248 196]
Start MIPS MNIST
start MIPS_InputProcess
buf len:  784
____________________________
____________________________
____________________________
____________________________
____________________________
____________________________
____________________________
____________________________
_______*****________________
____________*_****_**_______
___________________**_______
___________________*________
__________________**________
__________________**________
_________________**_________
_________________*__________
_________________*__________
________________*___________
_______________**___________
_______________*____________
______________*_____________
_____________**_____________
_____________*______________
____________**______________
___________***______________
___________**_______________
___________*________________
____________________________

start MIPS_mnist_model_load
model_bytes len:  63684
magic: 67676d6c
reading fc1
n_dims:  2
ne_weight:  [784 20]
index:  62736
reading fc2


=== [ model.fc2_bias | FP32 | 10:1:1 ] ===

 0 x 10 ...	-0.310	0.268	-0.081	-0.294	-0.047	0.673	-0.078	0.119	-0.199	-0.047	
current index:  63684
start MIPS_mnist_eval
writing /tmp/cannon_fault/checkpoint_6250073.json len 7011379 with root 0x510950dd3e7a57d0a5769d0a5179f4462063ed96ee33c0b0b2c6dc3d3e533a84
new root 0x510950dd3e7a57d0a5769d0a5179f4462063ed96ee33c0b0b2c6dc3d3e533a84
done 184
challengeId:  0
isChallenger:  false
searching step 6250073
isProposing false
running program:  ./mlgo/examples/mnist_mips/mlgo.bin
modelSize:  63684
rawSize:  [0 0 248 196]
Start MIPS MNIST
start MIPS_InputProcess
buf len:  784
____________________________
____________________________
____________________________
____________________________
____________________________
____________________________
____________________________
____________________________
_______*****________________
____________*_****_**_______
___________________**_______
___________________*________
__________________**________
__________________**________
_________________**_________
_________________*__________
_________________*__________
________________*___________
_______________**___________
_______________*____________
______________*_____________
_____________**_____________
_____________*______________
____________**______________
___________***______________
___________**_______________
___________*________________
____________________________

start MIPS_mnist_model_load
model_bytes len:  63684
magic: 67676d6c
reading fc1
n_dims:  2
ne_weight:  [784 20]
index:  62736
reading fc2


=== [ model.fc2_bias | FP32 | 10:1:1 ] ===

 0 x 10 ...	-0.310	0.268	-0.081	-0.294	-0.047	0.673	-0.078	0.119	-0.199	-0.047	
current index:  63684
start MIPS_mnist_eval
writing /tmp/cannon/checkpoint_6250073.json len 7011379 with root 0x510950dd3e7a57d0a5769d0a5179f4462063ed96ee33c0b0b2c6dc3d3e533a84
new root 0x510950dd3e7a57d0a5769d0a5179f4462063ed96ee33c0b0b2c6dc3d3e533a84
done 185

--- STEP 11 / 25 ---

challengeId:  0
isChallenger:  true
searching step 6256189
isProposing true
running program:  ./mlgo/examples/mnist_mips/mlgo.bin
modelSize:  63684
rawSize:  [0 0 248 196]
Start MIPS MNIST
start MIPS_InputProcess
buf len:  784
____________________________
____________________________
____________________________
____________________________
____________________________
____________________________
____________________________
____________________________
_______*****________________
____________*_****_**_______
___________________**_______
___________________*________
__________________**________
__________________**________
_________________**_________
_________________*__________
_________________*__________
________________*___________
_______________**___________
_______________*____________
______________*_____________
_____________**_____________
_____________*______________
____________**______________
___________***______________
___________**_______________
___________*________________
____________________________

start MIPS_mnist_model_load
model_bytes len:  63684
magic: 67676d6c
reading fc1
n_dims:  2
ne_weight:  [784 20]
index:  62736
reading fc2


=== [ model.fc2_bias | FP32 | 10:1:1 ] ===

 0 x 10 ...	-0.310	0.268	-0.081	-0.294	-0.047	0.673	-0.078	0.119	-0.199	-0.047	
current index:  63684
start MIPS_mnist_eval
writing /tmp/cannon_fault/checkpoint_6256189.json len 7011379 with root 0x2dbea5c3180097688528d32a67972f7c555955d3809cff87aefd454683b71d8c
new root 0x2dbea5c3180097688528d32a67972f7c555955d3809cff87aefd454683b71d8c
done 186
challengeId:  0
isChallenger:  false
searching step 6256189
isProposing false
running program:  ./mlgo/examples/mnist_mips/mlgo.bin
modelSize:  63684
rawSize:  [0 0 248 196]
Start MIPS MNIST
start MIPS_InputProcess
buf len:  784
____________________________
____________________________
____________________________
____________________________
____________________________
____________________________
____________________________
____________________________
_______*****________________
____________*_****_**_______
___________________**_______
___________________*________
__________________**________
__________________**________
_________________**_________
_________________*__________
_________________*__________
________________*___________
_______________**___________
_______________*____________
______________*_____________
_____________**_____________
_____________*______________
____________**______________
___________***______________
___________**_______________
___________*________________
____________________________

start MIPS_mnist_model_load
model_bytes len:  63684
magic: 67676d6c
reading fc1
n_dims:  2
ne_weight:  [784 20]
index:  62736
reading fc2


=== [ model.fc2_bias | FP32 | 10:1:1 ] ===

 0 x 10 ...	-0.310	0.268	-0.081	-0.294	-0.047	0.673	-0.078	0.119	-0.199	-0.047	
current index:  63684
start MIPS_mnist_eval
writing /tmp/cannon/checkpoint_6256189.json len 7011379 with root 0x2dbea5c3180097688528d32a67972f7c555955d3809cff87aefd454683b71d8c
new root 0x2dbea5c3180097688528d32a67972f7c555955d3809cff87aefd454683b71d8c
done 187

--- STEP 12 / 25 ---

challengeId:  0
isChallenger:  true
searching step 6259247
isProposing true
running program:  ./mlgo/examples/mnist_mips/mlgo.bin
modelSize:  63684
rawSize:  [0 0 248 196]
Start MIPS MNIST
start MIPS_InputProcess
buf len:  784
____________________________
____________________________
____________________________
____________________________
____________________________
____________________________
____________________________
____________________________
_______*****________________
____________*_****_**_______
___________________**_______
___________________*________
__________________**________
__________________**________
_________________**_________
_________________*__________
_________________*__________
________________*___________
_______________**___________
_______________*____________
______________*_____________
_____________**_____________
_____________*______________
____________**______________
___________***______________
___________**_______________
___________*________________
____________________________

start MIPS_mnist_model_load
model_bytes len:  63684
magic: 67676d6c
reading fc1
n_dims:  2
ne_weight:  [784 20]
index:  62736
reading fc2


=== [ model.fc2_bias | FP32 | 10:1:1 ] ===

 0 x 10 ...	-0.310	0.268	-0.081	-0.294	-0.047	0.673	-0.078	0.119	-0.199	-0.047	
current index:  63684
start MIPS_mnist_eval
writing /tmp/cannon_fault/checkpoint_6259247.json len 7011379 with root 0xdde419feca883b3ffa168d423f3436f0e2f73b65775f2d00d3fac46705f6a473
new root 0xdde419feca883b3ffa168d423f3436f0e2f73b65775f2d00d3fac46705f6a473
done 188
challengeId:  0
isChallenger:  false
searching step 6259247
isProposing false
running program:  ./mlgo/examples/mnist_mips/mlgo.bin
modelSize:  63684
rawSize:  [0 0 248 196]
Start MIPS MNIST
start MIPS_InputProcess
buf len:  784
____________________________
____________________________
____________________________
____________________________
____________________________
____________________________
____________________________
____________________________
_______*****________________
____________*_****_**_______
___________________**_______
___________________*________
__________________**________
__________________**________
_________________**_________
_________________*__________
_________________*__________
________________*___________
_______________**___________
_______________*____________
______________*_____________
_____________**_____________
_____________*______________
____________**______________
___________***______________
___________**_______________
___________*________________
____________________________

start MIPS_mnist_model_load
model_bytes len:  63684
magic: 67676d6c
reading fc1
n_dims:  2
ne_weight:  [784 20]
index:  62736
reading fc2


=== [ model.fc2_bias | FP32 | 10:1:1 ] ===

 0 x 10 ...	-0.310	0.268	-0.081	-0.294	-0.047	0.673	-0.078	0.119	-0.199	-0.047	
current index:  63684
start MIPS_mnist_eval
writing /tmp/cannon/checkpoint_6259247.json len 7011379 with root 0xdde419feca883b3ffa168d423f3436f0e2f73b65775f2d00d3fac46705f6a473
new root 0xdde419feca883b3ffa168d423f3436f0e2f73b65775f2d00d3fac46705f6a473
done 189

--- STEP 13 / 25 ---

challengeId:  0
isChallenger:  true
searching step 6260776
isProposing true
running program:  ./mlgo/examples/mnist_mips/mlgo.bin
modelSize:  63684
rawSize:  [0 0 248 196]
Start MIPS MNIST
start MIPS_InputProcess
buf len:  784
____________________________
____________________________
____________________________
____________________________
____________________________
____________________________
____________________________
____________________________
_______*****________________
____________*_****_**_______
___________________**_______
___________________*________
__________________**________
__________________**________
_________________**_________
_________________*__________
_________________*__________
________________*___________
_______________**___________
_______________*____________
______________*_____________
_____________**_____________
_____________*______________
____________**______________
___________***______________
___________**_______________
___________*________________
____________________________

start MIPS_mnist_model_load
model_bytes len:  63684
magic: 67676d6c
reading fc1
n_dims:  2
ne_weight:  [784 20]
index:  62736
reading fc2


=== [ model.fc2_bias | FP32 | 10:1:1 ] ===

 0 x 10 ...	-0.310	0.268	-0.081	-0.294	-0.047	0.673	-0.078	0.119	-0.199	-0.047	
current index:  63684
start MIPS_mnist_eval
writing /tmp/cannon_fault/checkpoint_6260776.json len 7011379 with root 0x5338d0cb5b14ba03757532c3b987db75cf8829e90fd35cbe775d3287ac77c244
new root 0x5338d0cb5b14ba03757532c3b987db75cf8829e90fd35cbe775d3287ac77c244
done 190
challengeId:  0
isChallenger:  false
searching step 6260776
isProposing false
running program:  ./mlgo/examples/mnist_mips/mlgo.bin
modelSize:  63684
rawSize:  [0 0 248 196]
Start MIPS MNIST
start MIPS_InputProcess
buf len:  784
____________________________
____________________________
____________________________
____________________________
____________________________
____________________________
____________________________
____________________________
_______*****________________
____________*_****_**_______
___________________**_______
___________________*________
__________________**________
__________________**________
_________________**_________
_________________*__________
_________________*__________
________________*___________
_______________**___________
_______________*____________
______________*_____________
_____________**_____________
_____________*______________
____________**______________
___________***______________
___________**_______________
___________*________________
____________________________

start MIPS_mnist_model_load
model_bytes len:  63684
magic: 67676d6c
reading fc1
n_dims:  2
ne_weight:  [784 20]
index:  62736
reading fc2


=== [ model.fc2_bias | FP32 | 10:1:1 ] ===

 0 x 10 ...	-0.310	0.268	-0.081	-0.294	-0.047	0.673	-0.078	0.119	-0.199	-0.047	
current index:  63684
start MIPS_mnist_eval
writing /tmp/cannon/checkpoint_6260776.json len 7011379 with root 0x5338d0cb5b14ba03757532c3b987db75cf8829e90fd35cbe775d3287ac77c244
new root 0x5338d0cb5b14ba03757532c3b987db75cf8829e90fd35cbe775d3287ac77c244
done 191

--- STEP 14 / 25 ---

challengeId:  0
isChallenger:  true
searching step 6261540
isProposing true
running program:  ./mlgo/examples/mnist_mips/mlgo.bin
modelSize:  63684
rawSize:  [0 0 248 196]
Start MIPS MNIST
start MIPS_InputProcess
buf len:  784
____________________________
____________________________
____________________________
____________________________
____________________________
____________________________
____________________________
____________________________
_______*****________________
____________*_****_**_______
___________________**_______
___________________*________
__________________**________
__________________**________
_________________**_________
_________________*__________
_________________*__________
________________*___________
_______________**___________
_______________*____________
______________*_____________
_____________**_____________
_____________*______________
____________**______________
___________***______________
___________**_______________
___________*________________
____________________________

start MIPS_mnist_model_load
model_bytes len:  63684
magic: 67676d6c
reading fc1
n_dims:  2
ne_weight:  [784 20]
index:  62736
reading fc2


=== [ model.fc2_bias | FP32 | 10:1:1 ] ===

 0 x 10 ...	-0.310	0.268	-0.081	-0.294	-0.047	0.673	-0.078	0.119	-0.199	-0.047	
current index:  63684
start MIPS_mnist_eval
writing /tmp/cannon_fault/checkpoint_6261540.json len 7011379 with root 0x8fcd3c7fe072fad2c4011ef349c2b03d4e56e9825b6bef9534ad5c5db45d9913
new root 0x8fcd3c7fe072fad2c4011ef349c2b03d4e56e9825b6bef9534ad5c5db45d9913
done 192
challengeId:  0
isChallenger:  false
searching step 6261540
isProposing false
running program:  ./mlgo/examples/mnist_mips/mlgo.bin
modelSize:  63684
rawSize:  [0 0 248 196]
Start MIPS MNIST
start MIPS_InputProcess
buf len:  784
____________________________
____________________________
____________________________
____________________________
____________________________
____________________________
____________________________
____________________________
_______*****________________
____________*_****_**_______
___________________**_______
___________________*________
__________________**________
__________________**________
_________________**_________
_________________*__________
_________________*__________
________________*___________
_______________**___________
_______________*____________
______________*_____________
_____________**_____________
_____________*______________
____________**______________
___________***______________
___________**_______________
___________*________________
____________________________

start MIPS_mnist_model_load
model_bytes len:  63684
magic: 67676d6c
reading fc1
n_dims:  2
ne_weight:  [784 20]
index:  62736
reading fc2


=== [ model.fc2_bias | FP32 | 10:1:1 ] ===

 0 x 10 ...	-0.310	0.268	-0.081	-0.294	-0.047	0.673	-0.078	0.119	-0.199	-0.047	
current index:  63684
start MIPS_mnist_eval
writing /tmp/cannon/checkpoint_6261540.json len 7011379 with root 0x8fcd3c7fe072fad2c4011ef349c2b03d4e56e9825b6bef9534ad5c5db45d9913
new root 0x8fcd3c7fe072fad2c4011ef349c2b03d4e56e9825b6bef9534ad5c5db45d9913
done 193

--- STEP 15 / 25 ---

challengeId:  0
isChallenger:  true
searching step 6261922
isProposing true
running program:  ./mlgo/examples/mnist_mips/mlgo.bin
modelSize:  63684
rawSize:  [0 0 248 196]
Start MIPS MNIST
start MIPS_InputProcess
buf len:  784
____________________________
____________________________
____________________________
____________________________
____________________________
____________________________
____________________________
____________________________
_______*****________________
____________*_****_**_______
___________________**_______
___________________*________
__________________**________
__________________**________
_________________**_________
_________________*__________
_________________*__________
________________*___________
_______________**___________
_______________*____________
______________*_____________
_____________**_____________
_____________*______________
____________**______________
___________***______________
___________**_______________
___________*________________
____________________________

start MIPS_mnist_model_load
model_bytes len:  63684
magic: 67676d6c
reading fc1
n_dims:  2
ne_weight:  [784 20]
index:  62736
reading fc2


=== [ model.fc2_bias | FP32 | 10:1:1 ] ===

 0 x 10 ...	-0.310	0.268	-0.081	-0.294	-0.047	0.673	-0.078	0.119	-0.199	-0.047	
current index:  63684
start MIPS_mnist_eval
writing /tmp/cannon_fault/checkpoint_6261922.json len 7011379 with root 0x2b89e859a3bc48b99a10a2db2983a5d581ed0fd5d22e52235e2ddd03e28f0aea
new root 0x2b89e859a3bc48b99a10a2db2983a5d581ed0fd5d22e52235e2ddd03e28f0aea
done 194
challengeId:  0
isChallenger:  false
searching step 6261922
isProposing false
running program:  ./mlgo/examples/mnist_mips/mlgo.bin
modelSize:  63684
rawSize:  [0 0 248 196]
Start MIPS MNIST
start MIPS_InputProcess
buf len:  784
____________________________
____________________________
____________________________
____________________________
____________________________
____________________________
____________________________
____________________________
_______*****________________
____________*_****_**_______
___________________**_______
___________________*________
__________________**________
__________________**________
_________________**_________
_________________*__________
_________________*__________
________________*___________
_______________**___________
_______________*____________
______________*_____________
_____________**_____________
_____________*______________
____________**______________
___________***______________
___________**_______________
___________*________________
____________________________

start MIPS_mnist_model_load
model_bytes len:  63684
magic: 67676d6c
reading fc1
n_dims:  2
ne_weight:  [784 20]
index:  62736
reading fc2


=== [ model.fc2_bias | FP32 | 10:1:1 ] ===

 0 x 10 ...	-0.310	0.268	-0.081	-0.294	-0.047	0.673	-0.078	0.119	-0.199	-0.047	
current index:  63684
start MIPS_mnist_eval
writing /tmp/cannon/checkpoint_6261922.json len 7011379 with root 0x2b89e859a3bc48b99a10a2db2983a5d581ed0fd5d22e52235e2ddd03e28f0aea
new root 0x2b89e859a3bc48b99a10a2db2983a5d581ed0fd5d22e52235e2ddd03e28f0aea
done 195

--- STEP 16 / 25 ---

challengeId:  0
isChallenger:  true
searching step 6262113
isProposing true
running program:  ./mlgo/examples/mnist_mips/mlgo.bin
modelSize:  63684
rawSize:  [0 0 248 196]
Start MIPS MNIST
start MIPS_InputProcess
buf len:  784
____________________________
____________________________
____________________________
____________________________
____________________________
____________________________
____________________________
____________________________
_______*****________________
____________*_****_**_______
___________________**_______
___________________*________
__________________**________
__________________**________
_________________**_________
_________________*__________
_________________*__________
________________*___________
_______________**___________
_______________*____________
______________*_____________
_____________**_____________
_____________*______________
____________**______________
___________***______________
___________**_______________
___________*________________
____________________________

start MIPS_mnist_model_load
model_bytes len:  63684
magic: 67676d6c
reading fc1
n_dims:  2
ne_weight:  [784 20]
index:  62736
reading fc2


=== [ model.fc2_bias | FP32 | 10:1:1 ] ===

 0 x 10 ...	-0.310	0.268	-0.081	-0.294	-0.047	0.673	-0.078	0.119	-0.199	-0.047	
current index:  63684
start MIPS_mnist_eval
writing /tmp/cannon_fault/checkpoint_6262113.json len 7011379 with root 0xfe869d2c4433440ccef95a7d5504cd728256a1cae89c88f49289e795ccc19dac
new root 0xfe869d2c4433440ccef95a7d5504cd728256a1cae89c88f49289e795ccc19dac
done 196
challengeId:  0
isChallenger:  false
searching step 6262113
isProposing false
running program:  ./mlgo/examples/mnist_mips/mlgo.bin
modelSize:  63684
rawSize:  [0 0 248 196]
Start MIPS MNIST
start MIPS_InputProcess
buf len:  784
____________________________
____________________________
____________________________
____________________________
____________________________
____________________________
____________________________
____________________________
_______*****________________
____________*_****_**_______
___________________**_______
___________________*________
__________________**________
__________________**________
_________________**_________
_________________*__________
_________________*__________
________________*___________
_______________**___________
_______________*____________
______________*_____________
_____________**_____________
_____________*______________
____________**______________
___________***______________
___________**_______________
___________*________________
____________________________

start MIPS_mnist_model_load
model_bytes len:  63684
magic: 67676d6c
reading fc1
n_dims:  2
ne_weight:  [784 20]
index:  62736
reading fc2


=== [ model.fc2_bias | FP32 | 10:1:1 ] ===

 0 x 10 ...	-0.310	0.268	-0.081	-0.294	-0.047	0.673	-0.078	0.119	-0.199	-0.047	
current index:  63684
start MIPS_mnist_eval
writing /tmp/cannon/checkpoint_6262113.json len 7011379 with root 0xfe869d2c4433440ccef95a7d5504cd728256a1cae89c88f49289e795ccc19dac
new root 0xfe869d2c4433440ccef95a7d5504cd728256a1cae89c88f49289e795ccc19dac
done 197

--- STEP 17 / 25 ---

challengeId:  0
isChallenger:  true
searching step 6262209
isProposing true
running program:  ./mlgo/examples/mnist_mips/mlgo.bin
modelSize:  63684
rawSize:  [0 0 248 196]
Start MIPS MNIST
start MIPS_InputProcess
buf len:  784
____________________________
____________________________
____________________________
____________________________
____________________________
____________________________
____________________________
____________________________
_______*****________________
____________*_****_**_______
___________________**_______
___________________*________
__________________**________
__________________**________
_________________**_________
_________________*__________
_________________*__________
________________*___________
_______________**___________
_______________*____________
______________*_____________
_____________**_____________
_____________*______________
____________**______________
___________***______________
___________**_______________
___________*________________
____________________________

start MIPS_mnist_model_load
model_bytes len:  63684
magic: 67676d6c
reading fc1
n_dims:  2
ne_weight:  [784 20]
index:  62736
reading fc2


=== [ model.fc2_bias | FP32 | 10:1:1 ] ===

 0 x 10 ...	-0.310	0.268	-0.081	-0.294	-0.047	0.673	-0.078	0.119	-0.199	-0.047	
current index:  63684
start MIPS_mnist_eval
writing /tmp/cannon_fault/checkpoint_6262209.json len 7011379 with root 0xeb10b4fb8af92273aedf3fa17d4bdd456cb438db2d0c998a4400dafce9604cd1
new root 0xeb10b4fb8af92273aedf3fa17d4bdd456cb438db2d0c998a4400dafce9604cd1
done 198
challengeId:  0
isChallenger:  false
searching step 6262209
isProposing false
running program:  ./mlgo/examples/mnist_mips/mlgo.bin
modelSize:  63684
rawSize:  [0 0 248 196]
Start MIPS MNIST
start MIPS_InputProcess
buf len:  784
____________________________
____________________________
____________________________
____________________________
____________________________
____________________________
____________________________
____________________________
_______*****________________
____________*_****_**_______
___________________**_______
___________________*________
__________________**________
__________________**________
_________________**_________
_________________*__________
_________________*__________
________________*___________
_______________**___________
_______________*____________
______________*_____________
_____________**_____________
_____________*______________
____________**______________
___________***______________
___________**_______________
___________*________________
____________________________

start MIPS_mnist_model_load
model_bytes len:  63684
magic: 67676d6c
reading fc1
n_dims:  2
ne_weight:  [784 20]
index:  62736
reading fc2


=== [ model.fc2_bias | FP32 | 10:1:1 ] ===

 0 x 10 ...	-0.310	0.268	-0.081	-0.294	-0.047	0.673	-0.078	0.119	-0.199	-0.047	
current index:  63684
start MIPS_mnist_eval
writing /tmp/cannon/checkpoint_6262209.json len 7011379 with root 0xeb10b4fb8af92273aedf3fa17d4bdd456cb438db2d0c998a4400dafce9604cd1
new root 0xeb10b4fb8af92273aedf3fa17d4bdd456cb438db2d0c998a4400dafce9604cd1
done 199

--- STEP 18 / 25 ---

challengeId:  0
isChallenger:  true
searching step 6262257
isProposing true
running program:  ./mlgo/examples/mnist_mips/mlgo.bin
modelSize:  63684
rawSize:  [0 0 248 196]
Start MIPS MNIST
start MIPS_InputProcess
buf len:  784
____________________________
____________________________
____________________________
____________________________
____________________________
____________________________
____________________________
____________________________
_______*****________________
____________*_****_**_______
___________________**_______
___________________*________
__________________**________
__________________**________
_________________**_________
_________________*__________
_________________*__________
________________*___________
_______________**___________
_______________*____________
______________*_____________
_____________**_____________
_____________*______________
____________**______________
___________***______________
___________**_______________
___________*________________
____________________________

start MIPS_mnist_model_load
model_bytes len:  63684
magic: 67676d6c
reading fc1
n_dims:  2
ne_weight:  [784 20]
index:  62736
reading fc2


=== [ model.fc2_bias | FP32 | 10:1:1 ] ===

 0 x 10 ...	-0.310	0.268	-0.081	-0.294	-0.047	0.673	-0.078	0.119	-0.199	-0.047	
current index:  63684
start MIPS_mnist_eval
writing /tmp/cannon_fault/checkpoint_6262257.json len 7011379 with root 0xf99b93a5adbb9b919ad7231f3e9c114cd3d8a1aa4bd82039d9f1d96380429c10
new root 0xf99b93a5adbb9b919ad7231f3e9c114cd3d8a1aa4bd82039d9f1d96380429c10
done 200
challengeId:  0
isChallenger:  false
searching step 6262257
isProposing false
running program:  ./mlgo/examples/mnist_mips/mlgo.bin
modelSize:  63684
rawSize:  [0 0 248 196]
Start MIPS MNIST
start MIPS_InputProcess
buf len:  784
____________________________
____________________________
____________________________
____________________________
____________________________
____________________________
____________________________
____________________________
_______*****________________
____________*_****_**_______
___________________**_______
___________________*________
__________________**________
__________________**________
_________________**_________
_________________*__________
_________________*__________
________________*___________
_______________**___________
_______________*____________
______________*_____________
_____________**_____________
_____________*______________
____________**______________
___________***______________
___________**_______________
___________*________________
____________________________

start MIPS_mnist_model_load
model_bytes len:  63684
magic: 67676d6c
reading fc1
n_dims:  2
ne_weight:  [784 20]
index:  62736
reading fc2


=== [ model.fc2_bias | FP32 | 10:1:1 ] ===

 0 x 10 ...	-0.310	0.268	-0.081	-0.294	-0.047	0.673	-0.078	0.119	-0.199	-0.047	
current index:  63684
start MIPS_mnist_eval
writing /tmp/cannon/checkpoint_6262257.json len 7011379 with root 0xf99b93a5adbb9b919ad7231f3e9c114cd3d8a1aa4bd82039d9f1d96380429c10
new root 0xf99b93a5adbb9b919ad7231f3e9c114cd3d8a1aa4bd82039d9f1d96380429c10
done 201

--- STEP 19 / 25 ---

challengeId:  0
isChallenger:  true
searching step 6262281
isProposing true
running program:  ./mlgo/examples/mnist_mips/mlgo.bin
modelSize:  63684
rawSize:  [0 0 248 196]
Start MIPS MNIST
start MIPS_InputProcess
buf len:  784
____________________________
____________________________
____________________________
____________________________
____________________________
____________________________
____________________________
____________________________
_______*****________________
____________*_****_**_______
___________________**_______
___________________*________
__________________**________
__________________**________
_________________**_________
_________________*__________
_________________*__________
________________*___________
_______________**___________
_______________*____________
______________*_____________
_____________**_____________
_____________*______________
____________**______________
___________***______________
___________**_______________
___________*________________
____________________________

start MIPS_mnist_model_load
model_bytes len:  63684
magic: 67676d6c
reading fc1
n_dims:  2
ne_weight:  [784 20]
index:  62736
reading fc2


=== [ model.fc2_bias | FP32 | 10:1:1 ] ===

 0 x 10 ...	-0.310	0.268	-0.081	-0.294	-0.047	0.673	-0.078	0.119	-0.199	-0.047	
current index:  63684
start MIPS_mnist_eval
writing /tmp/cannon_fault/checkpoint_6262281.json len 7011379 with root 0xe0d20a611374e1e6c6a1a918320662a9a152971318b1c03f29c5dfe6ac0767b3
new root 0xe0d20a611374e1e6c6a1a918320662a9a152971318b1c03f29c5dfe6ac0767b3
done 202
challengeId:  0
isChallenger:  false
searching step 6262281
isProposing false
running program:  ./mlgo/examples/mnist_mips/mlgo.bin
modelSize:  63684
rawSize:  [0 0 248 196]
Start MIPS MNIST
start MIPS_InputProcess
buf len:  784
____________________________
____________________________
____________________________
____________________________
____________________________
____________________________
____________________________
____________________________
_______*****________________
____________*_****_**_______
___________________**_______
___________________*________
__________________**________
__________________**________
_________________**_________
_________________*__________
_________________*__________
________________*___________
_______________**___________
_______________*____________
______________*_____________
_____________**_____________
_____________*______________
____________**______________
___________***______________
___________**_______________
___________*________________
____________________________

start MIPS_mnist_model_load
model_bytes len:  63684
magic: 67676d6c
reading fc1
n_dims:  2
ne_weight:  [784 20]
index:  62736
reading fc2


=== [ model.fc2_bias | FP32 | 10:1:1 ] ===

 0 x 10 ...	-0.310	0.268	-0.081	-0.294	-0.047	0.673	-0.078	0.119	-0.199	-0.047	
current index:  63684
start MIPS_mnist_eval
writing /tmp/cannon/checkpoint_6262281.json len 7011379 with root 0xe0d20a611374e1e6c6a1a918320662a9a152971318b1c03f29c5dfe6ac0767b3
new root 0xe0d20a611374e1e6c6a1a918320662a9a152971318b1c03f29c5dfe6ac0767b3
done 203

--- STEP 20 / 25 ---

challengeId:  0
isChallenger:  true
searching step 6262293
isProposing true
running program:  ./mlgo/examples/mnist_mips/mlgo.bin
modelSize:  63684
rawSize:  [0 0 248 196]
Start MIPS MNIST
start MIPS_InputProcess
buf len:  784
____________________________
____________________________
____________________________
____________________________
____________________________
____________________________
____________________________
____________________________
_______*****________________
____________*_****_**_______
___________________**_______
___________________*________
__________________**________
__________________**________
_________________**_________
_________________*__________
_________________*__________
________________*___________
_______________**___________
_______________*____________
______________*_____________
_____________**_____________
_____________*______________
____________**______________
___________***______________
___________**_______________
___________*________________
____________________________

start MIPS_mnist_model_load
model_bytes len:  63684
magic: 67676d6c
reading fc1
n_dims:  2
ne_weight:  [784 20]
index:  62736
reading fc2


=== [ model.fc2_bias | FP32 | 10:1:1 ] ===

 0 x 10 ...	-0.310	0.268	-0.081	-0.294	-0.047	0.673	-0.078	0.119	-0.199	-0.047	
current index:  63684
start MIPS_mnist_eval
writing /tmp/cannon_fault/checkpoint_6262293.json len 7011379 with root 0x444f5934d6395cc357cbc7ca97a459a2a9ccc5952b668ad75a5552026501e04c
new root 0x444f5934d6395cc357cbc7ca97a459a2a9ccc5952b668ad75a5552026501e04c
done 204
challengeId:  0
isChallenger:  false
searching step 6262293
isProposing false
running program:  ./mlgo/examples/mnist_mips/mlgo.bin
modelSize:  63684
rawSize:  [0 0 248 196]
Start MIPS MNIST
start MIPS_InputProcess
buf len:  784
____________________________
____________________________
____________________________
____________________________
____________________________
____________________________
____________________________
____________________________
_______*****________________
____________*_****_**_______
___________________**_______
___________________*________
__________________**________
__________________**________
_________________**_________
_________________*__________
_________________*__________
________________*___________
_______________**___________
_______________*____________
______________*_____________
_____________**_____________
_____________*______________
____________**______________
___________***______________
___________**_______________
___________*________________
____________________________

start MIPS_mnist_model_load
model_bytes len:  63684
magic: 67676d6c
reading fc1
n_dims:  2
ne_weight:  [784 20]
index:  62736
reading fc2


=== [ model.fc2_bias | FP32 | 10:1:1 ] ===

 0 x 10 ...	-0.310	0.268	-0.081	-0.294	-0.047	0.673	-0.078	0.119	-0.199	-0.047	
current index:  63684
start MIPS_mnist_eval
writing /tmp/cannon/checkpoint_6262293.json len 7011379 with root 0x444f5934d6395cc357cbc7ca97a459a2a9ccc5952b668ad75a5552026501e04c
new root 0x444f5934d6395cc357cbc7ca97a459a2a9ccc5952b668ad75a5552026501e04c
done 205

--- STEP 21 / 25 ---

challengeId:  0
isChallenger:  true
searching step 6262299
isProposing true
running program:  ./mlgo/examples/mnist_mips/mlgo.bin
modelSize:  63684
rawSize:  [0 0 248 196]
Start MIPS MNIST
start MIPS_InputProcess
buf len:  784
____________________________
____________________________
____________________________
____________________________
____________________________
____________________________
____________________________
____________________________
_______*****________________
____________*_****_**_______
___________________**_______
___________________*________
__________________**________
__________________**________
_________________**_________
_________________*__________
_________________*__________
________________*___________
_______________**___________
_______________*____________
______________*_____________
_____________**_____________
_____________*______________
____________**______________
___________***______________
___________**_______________
___________*________________
____________________________

start MIPS_mnist_model_load
model_bytes len:  63684
magic: 67676d6c
reading fc1
n_dims:  2
ne_weight:  [784 20]
index:  62736
reading fc2


=== [ model.fc2_bias | FP32 | 10:1:1 ] ===

 0 x 10 ...	-0.310	0.268	-0.081	-0.294	-0.047	0.673	-0.078	0.119	-0.199	-0.047	
current index:  63684
start MIPS_mnist_eval
writing /tmp/cannon_fault/checkpoint_6262299.json len 7011379 with root 0x651a86b23310501b748262e4e9356d80812812c26c02237054d06123f3dcf2cf
new root 0x651a86b23310501b748262e4e9356d80812812c26c02237054d06123f3dcf2cf
done 206
challengeId:  0
isChallenger:  false
searching step 6262299
isProposing false
running program:  ./mlgo/examples/mnist_mips/mlgo.bin
modelSize:  63684
rawSize:  [0 0 248 196]
Start MIPS MNIST
start MIPS_InputProcess
buf len:  784
____________________________
____________________________
____________________________
____________________________
____________________________
____________________________
____________________________
____________________________
_______*****________________
____________*_****_**_______
___________________**_______
___________________*________
__________________**________
__________________**________
_________________**_________
_________________*__________
_________________*__________
________________*___________
_______________**___________
_______________*____________
______________*_____________
_____________**_____________
_____________*______________
____________**______________
___________***______________
___________**_______________
___________*________________
____________________________

start MIPS_mnist_model_load
model_bytes len:  63684
magic: 67676d6c
reading fc1
n_dims:  2
ne_weight:  [784 20]
index:  62736
reading fc2


=== [ model.fc2_bias | FP32 | 10:1:1 ] ===

 0 x 10 ...	-0.310	0.268	-0.081	-0.294	-0.047	0.673	-0.078	0.119	-0.199	-0.047	
current index:  63684
start MIPS_mnist_eval
writing /tmp/cannon/checkpoint_6262299.json len 7011379 with root 0x651a86b23310501b748262e4e9356d80812812c26c02237054d06123f3dcf2cf
new root 0x651a86b23310501b748262e4e9356d80812812c26c02237054d06123f3dcf2cf
done 207

--- STEP 22 / 25 ---

challengeId:  0
isChallenger:  true
searching step 6262302
isProposing true
running program:  ./mlgo/examples/mnist_mips/mlgo.bin
modelSize:  63684
rawSize:  [0 0 248 196]
Start MIPS MNIST
start MIPS_InputProcess
buf len:  784
____________________________
____________________________
____________________________
____________________________
____________________________
____________________________
____________________________
____________________________
_______*****________________
____________*_****_**_______
___________________**_______
___________________*________
__________________**________
__________________**________
_________________**_________
_________________*__________
_________________*__________
________________*___________
_______________**___________
_______________*____________
______________*_____________
_____________**_____________
_____________*______________
____________**______________
___________***______________
___________**_______________
___________*________________
____________________________

start MIPS_mnist_model_load
model_bytes len:  63684
magic: 67676d6c
reading fc1
n_dims:  2
ne_weight:  [784 20]
index:  62736
reading fc2


=== [ model.fc2_bias | FP32 | 10:1:1 ] ===

 0 x 10 ...	-0.310	0.268	-0.081	-0.294	-0.047	0.673	-0.078	0.119	-0.199	-0.047	
current index:  63684
start MIPS_mnist_eval
writing /tmp/cannon_fault/checkpoint_6262302.json len 7011379 with root 0x727a7a1e1d37903c51d6e9197dd2732395f8739600fcf1454a96243ff1f03b44
new root 0x727a7a1e1d37903c51d6e9197dd2732395f8739600fcf1454a96243ff1f03b44
done 208
challengeId:  0
isChallenger:  false
searching step 6262302
isProposing false
running program:  ./mlgo/examples/mnist_mips/mlgo.bin
modelSize:  63684
rawSize:  [0 0 248 196]
Start MIPS MNIST
start MIPS_InputProcess
buf len:  784
____________________________
____________________________
____________________________
____________________________
____________________________
____________________________
____________________________
____________________________
_______*****________________
____________*_****_**_______
___________________**_______
___________________*________
__________________**________
__________________**________
_________________**_________
_________________*__________
_________________*__________
________________*___________
_______________**___________
_______________*____________
______________*_____________
_____________**_____________
_____________*______________
____________**______________
___________***______________
___________**_______________
___________*________________
____________________________

start MIPS_mnist_model_load
model_bytes len:  63684
magic: 67676d6c
reading fc1
n_dims:  2
ne_weight:  [784 20]
index:  62736
reading fc2


=== [ model.fc2_bias | FP32 | 10:1:1 ] ===

 0 x 10 ...	-0.310	0.268	-0.081	-0.294	-0.047	0.673	-0.078	0.119	-0.199	-0.047	
current index:  63684
start MIPS_mnist_eval
writing /tmp/cannon/checkpoint_6262302.json len 7011379 with root 0x727a7a1e1d37903c51d6e9197dd2732395f8739600fcf1454a96243ff1f03b44
new root 0x727a7a1e1d37903c51d6e9197dd2732395f8739600fcf1454a96243ff1f03b44
done 209

--- STEP 23 / 25 ---

challengeId:  0
isChallenger:  true
searching step 6262303
isProposing true
running program:  ./mlgo/examples/mnist_mips/mlgo.bin
modelSize:  63684
rawSize:  [0 0 248 196]
Start MIPS MNIST
start MIPS_InputProcess
buf len:  784
____________________________
____________________________
____________________________
____________________________
____________________________
____________________________
____________________________
____________________________
_______*****________________
____________*_****_**_______
___________________**_______
___________________*________
__________________**________
__________________**________
_________________**_________
_________________*__________
_________________*__________
________________*___________
_______________**___________
_______________*____________
______________*_____________
_____________**_____________
_____________*______________
____________**______________
___________***______________
___________**_______________
___________*________________
____________________________

start MIPS_mnist_model_load
model_bytes len:  63684
magic: 67676d6c
reading fc1
n_dims:  2
ne_weight:  [784 20]
index:  62736
reading fc2


=== [ model.fc2_bias | FP32 | 10:1:1 ] ===

 0 x 10 ...	-0.310	0.268	-0.081	-0.294	-0.047	0.673	-0.078	0.119	-0.199	-0.047	
current index:  63684
start MIPS_mnist_eval
regfault at step 6262303
writing /tmp/cannon_fault/checkpoint_6262303.json len 7011379 with root 0xedd58bff381e2805dc4c6325ec9779f9b2e9ba1864fa68db8979e9935f085255
new root 0xedd58bff381e2805dc4c6325ec9779f9b2e9ba1864fa68db8979e9935f085255
done 210
challengeId:  0
isChallenger:  false
searching step 6262303
isProposing false
running program:  ./mlgo/examples/mnist_mips/mlgo.bin
modelSize:  63684
rawSize:  [0 0 248 196]
Start MIPS MNIST
start MIPS_InputProcess
buf len:  784
____________________________
____________________________
____________________________
____________________________
____________________________
____________________________
____________________________
____________________________
_______*****________________
____________*_****_**_______
___________________**_______
___________________*________
__________________**________
__________________**________
_________________**_________
_________________*__________
_________________*__________
________________*___________
_______________**___________
_______________*____________
______________*_____________
_____________**_____________
_____________*______________
____________**______________
___________***______________
___________**_______________
___________*________________
____________________________

start MIPS_mnist_model_load
model_bytes len:  63684
magic: 67676d6c
reading fc1
n_dims:  2
ne_weight:  [784 20]
index:  62736
reading fc2


=== [ model.fc2_bias | FP32 | 10:1:1 ] ===

 0 x 10 ...	-0.310	0.268	-0.081	-0.294	-0.047	0.673	-0.078	0.119	-0.199	-0.047	
current index:  63684
start MIPS_mnist_eval
writing /tmp/cannon/checkpoint_6262303.json len 7011379 with root 0x02240837a3550d5256bfe8829116a8632b8a55bca5e2d59c48d2bba2220b9989
new root 0x02240837a3550d5256bfe8829116a8632b8a55bca5e2d59c48d2bba2220b9989
done 211

--- STEP 24 / 25 ---

challengeId:  0
isChallenger:  true
searching step 6262302
search is done
challengeId:  0
isChallenger:  false
searching step 6262302
search is done

--- STEP 25 / 25 ---

challengeId:  0
isChallenger:  true
searching step 6262302
search is done
challengeId:  0
isChallenger:  false
searching step 6262302
search is done

----------------------------------------
ASSERTING AS DEFENDER (should pass)
----------------------------------------

searching step 6262302
requested node 727a7a1e1d37903c51d6e9197dd2732395f8739600fcf1454a96243ff1f03b44
requested node 05e1f2c893f3e908f6d6a80e323e136b6d5933cac4a1498d83a5311dda4ef446
requested node c1b9fc4e07c3c84556470c0276132c50e37f961f4c07168e4ffc0e3c54ecbf1c
requested node cc61db1d62807282f65ef86cb838b052e1688d227d99133f419b31f2ff6e2d3b
requested node f2d18a88f35ab41267056541cff18b28570813cbdb4795d0c8053e8626702cbe
requested node 4b7337377c582caea404913f5273fe695f2f49341ae20f60075c1483bad43796
requested node ffbb67d4d96c98e51a3de35369e36aa8ada4fe3b8e5fab1b3782f7ab5f18ac74
requested node 736cbaa8654ea08089800ec34daaa2ddf4fb89419ff4b5ad08b9f755f38bd6b5
requested node 6ead54a275a3232fa400f6e75ce37640ede8a0634cc3f91c2d23c7d72005f1ea
requested node e77ba903184b9ce7d28c67fca3a858e78b08fc429e1a9e773681704024feaa33
requested node 274ec6066a56b50821c063bb95efee373ccd2c1eb4fcfe5865438e11c3b88402
requested node f15629b889fabbd76dd932425ac4290e9debecbc1815c83597497ed36a748300
[
  undefined,
  undefined,
  undefined,
  undefined,
  undefined,
  undefined,
  undefined,
  'ChallengerLoses'
]
